fault: skip_invisible
== btree text, k > 'k03'  caps: amcanbackward amcanorder amcanreturn amgettuple ammarkpos amoptionalkey amrestrpos
   depth 4: 176 histories
     result: FAIL S6
     history (state before -> observed -> state after):
       A.begin
       A.rescan(given)
       A.get(forward)     [phase=ready] -> (0,3)  [phase=ready pos=0]
       A.get(forward)     [phase=ready pos=0] -> (1,1)  [phase=ready pos=1]
       A.get(forward)     [phase=ready pos=1] -> (1,2)  [phase=ready pos=2]
       A.get(forward)     [phase=ready pos=2] -> (2,1)  []
     reference: 10 entries; deleted before A: 2; inserted: 0
     expected (1,3), observed (2,1)
== btree text, k > 'k03', index-only (the scan keeps its leaf pin)  caps: amcanbackward amcanorder amcanreturn amgettuple ammarkpos amoptionalkey amrestrpos
   depth 4: 176 histories
     result: FAIL S6
     history (state before -> observed -> state after):
       A.begin
       A.rescan(given)
       A.get(forward)     [phase=ready] -> (0,3)  [phase=ready pos=0]
       A.get(forward)     [phase=ready pos=0] -> (1,1)  [phase=ready pos=1]
       A.get(forward)     [phase=ready pos=1] -> (1,2)  [phase=ready pos=2]
       A.get(forward)     [phase=ready pos=2] -> (2,1)  []
     reference: 10 entries; deleted before A: 2; inserted: 0
     expected (1,3), observed (2,1)
     minimal failing history in which the remove was blocked by A:
       A.begin
       A.rescan(given)
       A.get(forward)     [phase=ready] -> (0,3)  [phase=ready pos=0]
       A.get(forward)     [phase=ready pos=0] -> (1,1)  [phase=ready pos=1]
       A.get(forward)     [phase=ready pos=1] -> (1,2)  [phase=ready pos=2]
       B.insert -> 3 entries
       B.remove -> blocked (Buffer/BufferCleanup); removed from the index so far: 0 of 2
       A.get(forward)     [phase=ready pos=2] -> (2,1)  []
     reference: 10 entries; deleted before A: 2; observed removed: 0; inserted: 3
     expected (1,3), observed (2,1)
== hash int4, k = 2  caps: amcanbackward amgettuple
   depth 4: 176 histories
     result: FAIL S6
     history (state before -> observed -> state after):
       A.begin
       A.rescan(given)
       A.get(forward)     [phase=ready] -> (1,174)  [phase=ready pos=0]
       A.get(forward)     [phase=ready pos=0] -> (1,124)  [phase=ready pos=1]
       A.get(forward)     [phase=ready pos=1] -> (1,74)  [phase=ready pos=2]
       A.get(forward)     [phase=ready pos=2] -> (0,150)  [phase=ready pos=3]
       A.get(forward)     [phase=ready pos=3] -> (0,100)  [phase=ready pos=4]
       A.get(forward)     [phase=ready pos=4] -> (0,50)  [phase=ready pos=5]
       A.get(forward)     [phase=ready pos=5] -> false  []
     reference: 8 entries; deleted before A: 2; inserted: 0
     expected one of the 2 stable entries not yet returned, observed false
== gist point, p <@ box  caps: amcanreturn amgettuple amoptionalkey
   depth 4: 176 histories
     result: FAIL S6
     history (state before -> observed -> state after):
       A.begin
       A.rescan(given)
       A.get(forward)     [phase=ready] -> (0,1)  [phase=ready pos=0]
       A.get(forward)     [phase=ready pos=0] -> (0,100)  [phase=ready pos=1]
       A.get(forward)     [phase=ready pos=1] -> (1,15)  [phase=ready pos=2]
       A.get(forward)     [phase=ready pos=2] -> (1,16)  [phase=ready pos=3]
       A.get(forward)     [phase=ready pos=3] -> false  []
     reference: 5 entries; deleted before A: 1; inserted: 0
     expected one of the 1 stable entries not yet returned, observed false
