fault: none
== btree text, k > 'k03'  caps: amcanbackward amcanorder amcanreturn amgettuple ammarkpos amoptionalkey amrestrpos
   depth 8: 364 histories
   coverage (histories):
     B between mark and restore, then an entry of another leaf returned after restore: 52
     B between mark and restore, then an outcome checked after restore: 70
     B.insert between mark and restore: 56
     B.remove between mark and restore: 56
     entry of another leaf than the marked one returned after mark, before restore: 210
     entry of another leaf than the marked one returned after restore: 210
     insert between mark and restore: entry after the mark: 55
     insert between mark and restore: entry before the mark: 35
     inserted entry returned after restore: 50
     mark run, marked entry deleted before A: 45
     mark run, marked entry inserted (gap): 8
     mark run, marked entry stable: 311
     outcome checked after restore: 261
     remove between mark and restore, deleted entry before the mark: 4
     remove between mark and restore, deleted entry later: 55
     remove between mark and restore, deleted entry right after the mark: 11
     remove between mark and restore, deleted entry the marked entry: 6
     restore run: 364
     result: pass
== btree text, k > 'k03', index-only (the scan keeps its leaf pin)  caps: amcanbackward amcanorder amcanreturn amgettuple ammarkpos amoptionalkey amrestrpos
   depth 8: 364 histories
   coverage (histories):
     B between mark and restore, then an entry of another leaf returned after restore: 52
     B between mark and restore, then an outcome checked after restore: 70
     B.insert between mark and restore: 56
     B.remove between mark and restore: 56
     entry of another leaf than the marked one returned after mark, before restore: 208
     entry of another leaf than the marked one returned after restore: 208
     insert between mark and restore: entry after the mark: 55
     insert between mark and restore: entry before the mark: 35
     inserted entry returned after restore: 50
     mark run, marked entry deleted before A: 51
     mark run, marked entry inserted (gap): 8
     mark run, marked entry stable: 305
     outcome checked after restore: 261
     remove between mark and restore, deleted entry before the mark: 4
     remove between mark and restore, deleted entry later: 55
     remove between mark and restore, deleted entry right after the mark: 11
     remove between mark and restore, deleted entry the marked entry: 6
     restore run: 364
     result: pass
== hash int4, k = 2  caps: amcanbackward amgettuple
   S5-concurrent: n/a (no mark, restore)
== gist point, p <@ box  caps: amcanreturn amgettuple amoptionalkey
   S5-concurrent: n/a (no mark, restore)
