-- Control opclass: every law check must fail on its injected fault and
-- pass with fault = none.  btvalidate() accepts the opclass in all modes.
CREATE EXTENSION IF NOT EXISTS opclass_laws;
NOTICE:  extension "opclass_laws" already exists, skipping
LOAD 'ctl_opclass';
CREATE FUNCTION ctl_cmp(int4, int4) RETURNS int4
  AS '$libdir/ctl_opclass' LANGUAGE C IMMUTABLE STRICT;
CREATE FUNCTION ctl_lt(int4, int4) RETURNS bool AS '$libdir/ctl_opclass' LANGUAGE C IMMUTABLE STRICT;
CREATE FUNCTION ctl_le(int4, int4) RETURNS bool AS '$libdir/ctl_opclass' LANGUAGE C IMMUTABLE STRICT;
CREATE FUNCTION ctl_eq(int4, int4) RETURNS bool AS '$libdir/ctl_opclass' LANGUAGE C IMMUTABLE STRICT;
CREATE FUNCTION ctl_ge(int4, int4) RETURNS bool AS '$libdir/ctl_opclass' LANGUAGE C IMMUTABLE STRICT;
CREATE FUNCTION ctl_gt(int4, int4) RETURNS bool AS '$libdir/ctl_opclass' LANGUAGE C IMMUTABLE STRICT;
CREATE FUNCTION ctl_sortsupport(internal) RETURNS void
  AS '$libdir/ctl_opclass' LANGUAGE C IMMUTABLE STRICT;
CREATE FUNCTION ctl_equalimage(oid) RETURNS bool
  AS '$libdir/ctl_opclass' LANGUAGE C IMMUTABLE STRICT;
CREATE FUNCTION ctl_inrange(int4, int4, int4, bool, bool) RETURNS bool
  AS '$libdir/ctl_opclass' LANGUAGE C IMMUTABLE STRICT;
CREATE FUNCTION ctl_skipsupport(internal) RETURNS void
  AS '$libdir/ctl_opclass' LANGUAGE C IMMUTABLE STRICT;
CREATE OPERATOR #<  (LEFTARG = int4, RIGHTARG = int4, FUNCTION = ctl_lt);
CREATE OPERATOR #<= (LEFTARG = int4, RIGHTARG = int4, FUNCTION = ctl_le);
CREATE OPERATOR #=  (LEFTARG = int4, RIGHTARG = int4, FUNCTION = ctl_eq);
CREATE OPERATOR #>= (LEFTARG = int4, RIGHTARG = int4, FUNCTION = ctl_ge);
CREATE OPERATOR #>  (LEFTARG = int4, RIGHTARG = int4, FUNCTION = ctl_gt);
CREATE OPERATOR CLASS ctl_int4_ops FOR TYPE int4 USING btree AS
  OPERATOR 1 #<, OPERATOR 2 #<=, OPERATOR 3 #=, OPERATOR 4 #>=, OPERATOR 5 #>,
  FUNCTION 1 ctl_cmp(int4, int4),
  FUNCTION 2 ctl_sortsupport(internal),
  FUNCTION 3 (int4, int4) ctl_inrange(int4, int4, int4, bool, bool),
  FUNCTION 4 ctl_equalimage(oid),
  FUNCTION 6 ctl_skipsupport(internal);
-- the catalog-level validator has nothing to object to
SELECT amvalidate(oid) FROM pg_opclass WHERE opcname = 'ctl_int4_ops';
 amvalidate 
------------
 t
(1 row)

CREATE TABLE ctl_sample AS
  SELECT array_agg(x ORDER BY x) AS big,
         array_agg(x ORDER BY x) FILTER (WHERE x BETWEEN -5 AND 5) AS small
  FROM (SELECT generate_series(-5, 5) AS x
        UNION ALL VALUES (100), (101), (102), (-1000), (2500),
                         (1000000), (1000001), (1000002),
                         (2147483647), (-2147483648)) s;
-- baseline: all laws hold
SET ctl_opclass.fault = 'none';
SELECT law, status, detail FROM opclass_laws_check('ctl_int4_ops', (SELECT big FROM ctl_sample));
                   law                    | status | detail 
------------------------------------------+--------+--------
 O1 cmp reflexive                         | pass   | 
 O2 cmp antisymmetric                     | pass   | 
 O3 cmp transitive                        | pass   | 
 O4 operators agree with cmp              | pass   | 
 O5 sortsupport agrees with cmp           | pass   | 
 O6 abbreviated key agrees with cmp       | pass   | 
 O7 equalimage: cmp-equal <=> image-equal | pass   | 
 O9 skip support                          | pass   | 
(8 rows)

SELECT law, status, detail FROM opclass_laws_check_inrange('ctl_int4_ops', (SELECT small FROM ctl_sample), '{0,1,3}');
                  law                  | status | detail 
---------------------------------------+--------+--------
 O8 in_range monotone (integer offset) | pass   | 
(1 row)

-- fault matrix: which laws fail under each injected fault
CREATE FUNCTION ctl_failed(f text) RETURNS text LANGUAGE plpgsql AS $$
DECLARE r text;
BEGIN
  PERFORM set_config('ctl_opclass.fault', f, false);
  SELECT string_agg(split_part(law, ' ', 1), ',' ORDER BY law) INTO r
  FROM (SELECT law, status FROM opclass_laws_check('ctl_int4_ops', (SELECT big FROM ctl_sample))
        UNION ALL
        SELECT law, status FROM opclass_laws_check_inrange('ctl_int4_ops', (SELECT small FROM ctl_sample), '{0,1,3}')) s
  WHERE status = 'FAIL';
  RETURN coalesce(r, '-');
END $$;
SELECT f AS fault, ctl_failed(f) AS failed_laws
FROM unnest(array['none', 'cmp_irreflexive', 'cmp_asymmetric', 'cmp_nontransitive',
                  'op_disagree', 'sortsupport', 'abbrev', 'equalimage',
                  'inrange', 'skip', 'skip_symmetric']) AS f;
       fault       | failed_laws 
-------------------+-------------
 none              | -
 cmp_irreflexive   | O1,O9
 cmp_asymmetric    | O2,O8,O9
 cmp_nontransitive | O3,O8,O9
 op_disagree       | O4
 sortsupport       | O5
 abbrev            | O6
 equalimage        | O7
 inrange           | O8
 skip              | O9
 skip_symmetric    | O9
(11 rows)

-- counterexamples for the targeted law of each fault
SET ctl_opclass.fault = 'cmp_nontransitive';
SELECT law, detail FROM opclass_laws_check('ctl_int4_ops', (SELECT big FROM ctl_sample)) WHERE law LIKE 'O3%';
        law        |                     detail                     
-------------------+------------------------------------------------
 O3 cmp transitive | a<=b, b<=c, a>c for a=-2147483648 b=-1000 c=-3
(1 row)

SET ctl_opclass.fault = 'equalimage';
SELECT law, detail FROM opclass_laws_check('ctl_int4_ops', (SELECT big FROM ctl_sample)) WHERE law LIKE 'O7%';
                   law                    |                                 detail                                  
------------------------------------------+-------------------------------------------------------------------------
 O7 equalimage: cmp-equal <=> image-equal | equalimage=true but cmp equal and image differs for a=1000000 b=1000001
(1 row)

SET ctl_opclass.fault = 'abbrev';
SELECT law, detail FROM opclass_laws_check('ctl_int4_ops', (SELECT big FROM ctl_sample)) WHERE law LIKE 'O6%';
                law                 |                detail                 
------------------------------------+---------------------------------------
 O6 abbreviated key agrees with cmp | abbreviated=1 cmp=-1 for a=-1000 b=-5
(1 row)

SET ctl_opclass.fault = 'inrange';
SELECT law, detail FROM opclass_laws_check_inrange('ctl_int4_ops', (SELECT small FROM ctl_sample), '{0,1,3}');
                  law                  |                                detail                                 
---------------------------------------+-----------------------------------------------------------------------
 O8 in_range monotone (integer offset) | offset=0 sub=0 less=1: true for base=-5 but false for base=-4, val=-3
(1 row)

SET ctl_opclass.fault = 'skip';
SELECT law, detail FROM opclass_laws_check('ctl_int4_ops', (SELECT big FROM ctl_sample)) WHERE law LIKE 'O9%';
       law       |                     detail                      
-----------------+-------------------------------------------------
 O9 skip support | decrement(increment(-2147483648)) = -2147483647
(1 row)

-- dec(inc(a)) = a holds here; only the skipped-over value shows the fault
SET ctl_opclass.fault = 'skip_symmetric';
SELECT law, detail FROM opclass_laws_check('ctl_int4_ops', (SELECT big FROM ctl_sample)) WHERE law LIKE 'O9%';
       law       |             detail             
-----------------+--------------------------------
 O9 skip support | increment(-5)=-3 skips over -4
(1 row)

RESET ctl_opclass.fault;
